python : Traceback 
(most recent call 
last):
At line:1 char:1
+ python -c "from 
qft_encoder import 
encode_signal; from 
qft_circuit im ...
+ ~~~~~~~~~~~~~~~~~~~~~
~~~~~~~~~~~~~~~~~~~~~~~
~~~~~~~~~~~~~~~~~~~~~~~
~~
    + CategoryInfo     
         : NotSpecifi  
  ed: (Traceback (mo   
 st recent call las    
t)::String) [], Re    
moteException
    + FullyQualifiedEr 
   rorId : NativeComm  
  andError
 
  File "<string>", 
line 1, in <module>
    from qft_encoder 
import encode_signal; 
from qft_circuit 
import 
build_qft_circuit; 
from qft_runner import 
run_qft; from 
qft_visualizer import 
visualize_qft; import 
numpy as np; signal = n
p.sin(2*np.pi*2*np.lins
pace(0,1,16,endpoint=Fa
lse)); enc = 
encode_signal(signal); 
circ = build_qft_circui
t(enc); sv = 
run_qft(circ); result 
= visualize_qft(circ, 
sv); print('SUCCESS'); 
print(f'n_qubits={resul
t.n_qubits}'); print(f'
len_amps={len(result.am
plitudes)}'); print(f's
um_amps={sum(result.amp
litudes):.6f}'); print(
f'image={result.circuit
_image}')
                       
                       
                       
                       
                       
                       
                       
                       
                       
                       
                       
                       
                       
                       
          
~~~~~~~~~~~~~^^^^^^^^^^
  File "C:\Users\Yash\D
esktop\QSA\qft_visualiz
er.py", line 60, in 
visualize_qft
    fig = 
circuit.draw("mpl")
  File "C:\Users\Yash\A
ppData\Local\Programs\P
ython\Python314\Lib\sit
e-packages\qiskit\circu
it\quantumcircuit.py", 
line 4042, in draw
    return 
circuit_drawer(
        self,
    ...<17 lines>...
        measure_arrows=
measure_arrows,
    )
  File "C:\Users\Yash\A
ppData\Local\Programs\P
ython\Python314\Lib\sit
e-packages\qiskit\visua
lization\circuit\circui
t_visualization.py", 
line 360, in 
circuit_drawer
    image = _matplotlib
_circuit_drawer(
        circuit,
    ...<14 lines>...
        measure_arrows=
measure_arrows,
    )
  File "C:\Users\Yash\A
ppData\Local\Programs\P
ython\Python314\Lib\sit
e-packages\qiskit\visua
lization\circuit\circui
t_visualization.py", 
line 752, in _matplotli
b_circuit_drawer
    qcd = _matplotlib.M
atplotlibDrawer(
        qubits,
    ...<13 lines>...
        measure_arrows=
measure_arrows,
    )
  File "C:\Users\Yash\A
ppData\Local\Programs\P
ython\Python314\Lib\sit
e-packages\qiskit\utils
\classtools.py", line 
111, in out
    
callback.__get__(obj, 
objtype)(*args, 
**kwargs)
    ~~~~~~~~~~~~~~~~~~~
~~~~~~~~~~~^^^^^^^^^^^^
^^^^^
  File "C:\Users\Yash\A
ppData\Local\Programs\P
ython\Python314\Lib\sit
e-packages\qiskit\utils
\lazy_tester.py", line 
41, in __call__
    self._tester.requir
e_now(self._feature)
    ~~~~~~~~~~~~~~~~~~~
~~~~~^^^^^^^^^^^^^^^
  File "C:\Users\Yash\A
ppData\Local\Programs\P
ython\Python314\Lib\sit
e-packages\qiskit\utils
\lazy_tester.py", line 
221, in require_now
    raise MissingOption
alLibraryError(
        
libname=self._name, 
name=feature, pip_insta
ll=self._install, 
msg=self._msg
    )
qiskit.exceptions.Missi
ngOptionalLibraryError:
 "The 'pylatexenc' 
library is required to 
use 
'MatplotlibDrawer'. 
You can install it 
with 'pip install 
pylatexenc'."
